*** Using Compiler 'V5.06 update 7 (build 960)', folder: 'C:\Users\RAN\AppData\Local\Keil_v5\ARM\ARMCC\Bin'
Build target 'LCD_temp'
compiling device_lcd.c...
"no source": Error:  #5: cannot open source input file "..\Drivers\device\LCD\device_lcd.c": No such file or directory
..\Drivers\device\LCD\device_lcd.c: 0 warnings, 1 error
compiling midware_GUI.c...
..\Middlewares\display\midware_GUI.c(1): error:  #5: cannot open source input file "device_lcd.h": No such file or directory
  #include "device_lcd.h"
..\Middlewares\display\midware_GUI.c: 0 warnings, 1 error
compiling croutine.c...
compiling queue.c...
compiling picture_xiaoqiao.c...
compiling list.c...
compiling QDTFT_demo.c...
..\APP\QDTFT_demo.c(2): error:  #5: cannot open source input file "device_lcd.h": No such file or directory
  #include "device_lcd.h"
..\APP\QDTFT_demo.c: 0 warnings, 1 error
compiling event_groups.c...
compiling stream_buffer.c...
compiling tasks.c...
assembling startup_stm32f103xe.s...
compiling heap_4.c...
compiling timers.c...
compiling peripheral_GPIO.c...
..\Drivers\peripheral\peripheral_GPIO.c(3): error:  #5: cannot open source input file "device_lcd.h": No such file or directory
  #include "device_lcd.h"
..\Drivers\peripheral\peripheral_GPIO.c: 0 warnings, 1 error
compiling port.c...
compiling peripheral_SPI.c...
compiling main.c...
compiling peripheral_USART.c...
compiling stm32f1xx_hal_timebase_tim.c...
compiling stm32f1xx_it.c...
compiling stm32f1xx_hal_msp.c...
compiling stm32f1xx_hal.c...
compiling stm32f1xx_hal_gpio_ex.c...
compiling freertos.c...
compiling stm32f1xx_hal_rcc_ex.c...
compiling stm32f1xx_hal_gpio.c...
compiling stm32f1xx_hal_rcc.c...
compiling stm32f1xx_hal_cortex.c...
compiling stm32f1xx_hal_pwr.c...
compiling cmsis_os2.c...
compiling stm32f1xx_hal_dma.c...
compiling stm32f1xx_hal_flash.c...
compiling stm32f1xx_hal_exti.c...
compiling stm32f1xx_hal_flash_ex.c...
compiling system_stm32f1xx.c...
compiling stm32f1xx_hal_spi.c...
compiling stm32f1xx_hal_tim_ex.c...
compiling stm32f1xx_hal_uart.c...
compiling stm32f1xx_hal_tim.c...
"LCD\LCD.axf" - 4 Error(s), 0 Warning(s).
Target not created.
Build Time Elapsed:  00:00:08
